// Jest Snapshot v1, https://goo.gl/fbAQLP

exports[`components/Portal/SwiperReviews Default smoke-test 1`] = `
<div class="swiper-container swiper-container--reviews swiper-initialized swiper-horizontal swiper-backface-hidden">
  <div class="swiper-wrapper">
    <div class="swiper-slide swiper-slide-active"
         style="width: 1248px;"
         data-swiper-slide-index="0"
    >
      <div class="swiper-container--reviews__quote">
        "Qui voluptate nostrud nostrud ex consequat velit in ea aliqua officia consectetur. Velit amet dolore sed ea consectetur deserunt occaecat culpa enim magna ad et do officia. Veniam quis ex consequat fugiat deserunt in commodo nisi eiusmod enim velit cillum tempor occaecat lorem deserunt mollit id adipiscing."
      </div>
    </div>
    <div class="swiper-slide swiper-slide-next"
         style="width: 1248px;"
         data-swiper-slide-index="1"
    >
      <div class="swiper-container--reviews__quote">
        "Lorem Ipsum is simply dummy text of the printing and typesetting industry. Lorem Ipsum has been the industry's standard dummy text ever since the 1500s, when an unknown printer took a galley of type and scrambled it to make a type specimen book. It has survived not only five centuries, but also the leap into electronic typesetting, remaining essentially unchanged. It was popularised in the 1960s with the release of Letraset sheets containing Lorem Ipsum passages, and more recently with desktop publishing software like Aldus PageMaker including versions of Lorem Ipsum."
      </div>
    </div>
    <div class="swiper-slide"
         style="width: 1248px;"
         data-swiper-slide-index="2"
    >
      <div class="swiper-container--reviews__quote">
        "It is a long established fact that a reader will be distracted by the readable content of a page when looking at its layout. The point of using Lorem Ipsum is that it has a more-or-less normal distribution of letters, as opposed to using 'Content here, content here', making it look like readable English. Many desktop publishing packages and web page editors now use Lorem Ipsum as their default model text, and a search for 'lorem ipsum' will uncover many web sites still in their infancy. Various versions have evolved over the years, sometimes by accident, sometimes on purpose (injected humour and the like)."
      </div>
    </div>
  </div>
  <div class="swiper-button-next">
    <div class="swiper-arrow">
      <svg width="20"
           height="16"
           viewbox="0 0 20 16"
           fill="none"
      >
        <path d="M11.9497 15L19 8.45454L11.9497 1.90909"
              stroke="#AAAAAA"
              stroke-width="2"
              stroke-linecap="round"
              stroke-linejoin="round"
        >
        </path>
        <path d="M19 8.21191L1.76584 8.21192"
              stroke="#AAAAAA"
              stroke-width="2"
              stroke-linecap="round"
              stroke-linejoin="round"
        >
        </path>
      </svg>
    </div>
  </div>
  <div class="swiper-button-prev">
    <div class="swiper-arrow">
      <svg width="20"
           height="16"
           viewbox="0 0 20 16"
           fill="none"
      >
        <path d="M11.9497 15L19 8.45454L11.9497 1.90909"
              stroke="#AAAAAA"
              stroke-width="2"
              stroke-linecap="round"
              stroke-linejoin="round"
        >
        </path>
        <path d="M19 8.21191L1.76584 8.21192"
              stroke="#AAAAAA"
              stroke-width="2"
              stroke-linecap="round"
              stroke-linejoin="round"
        >
        </path>
      </svg>
    </div>
  </div>
</div>
`;
